Analysis & Synthesis report for EE_232_ASSIGN_1
Thu Oct 29 17:55:28 2020
Quartus II 64-Bit Version 13.0.1 Build 232 06/12/2013 Service Pack 1 SJ Web Edition


---------------------
; Table of Contents ;
---------------------
  1. Legal Notice
  2. Analysis & Synthesis Summary
  3. Analysis & Synthesis Settings
  4. Parallel Compilation
  5. Analysis & Synthesis Source Files Read
  6. Analysis & Synthesis Resource Usage Summary
  7. Analysis & Synthesis Resource Utilization by Entity
  8. General Register Statistics
  9. Multiplexer Restructuring Statistics (Restructuring Performed)
 10. Port Connectivity Checks: "MUX_8_1:M6"
 11. Port Connectivity Checks: "multiply_4:A3|FOUR_BIT_ADDER:F2"
 12. Port Connectivity Checks: "multiply_4:A3|FOUR_BIT_ADDER:F1"
 13. Port Connectivity Checks: "multiply_4:A3|FOUR_BIT_ADDER:F0"
 14. Port Connectivity Checks: "multiply_4:A3"
 15. Elapsed Time Per Partition
 16. Analysis & Synthesis Messages



----------------
; Legal Notice ;
----------------
Copyright (C) 1991-2013 Altera Corporation
Your use of Altera Corporation's design tools, logic functions 
and other software and tools, and its AMPP partner logic 
functions, and any output files from any of the foregoing 
(including device programming or simulation files), and any 
associated documentation or information are expressly subject 
to the terms and conditions of the Altera Program License 
Subscription Agreement, Altera MegaCore Function License 
Agreement, or other applicable license agreement, including, 
without limitation, that your use is for the sole purpose of 
programming logic devices manufactured by Altera and sold by 
Altera or its authorized distributors.  Please refer to the 
applicable agreement for further details.



+--------------------------------------------------------------------------------------+
; Analysis & Synthesis Summary                                                         ;
+------------------------------------+-------------------------------------------------+
; Analysis & Synthesis Status        ; Successful - Thu Oct 29 17:55:28 2020           ;
; Quartus II 64-Bit Version          ; 13.0.1 Build 232 06/12/2013 SP 1 SJ Web Edition ;
; Revision Name                      ; EE_232_ASSIGN_1                                 ;
; Top-level Entity Name              ; ALU_4                                           ;
; Family                             ; Cyclone II                                      ;
; Total logic elements               ; 57                                              ;
;     Total combinational functions  ; 57                                              ;
;     Dedicated logic registers      ; 0                                               ;
; Total registers                    ; 0                                               ;
; Total pins                         ; 16                                              ;
; Total virtual pins                 ; 0                                               ;
; Total memory bits                  ; 0                                               ;
; Embedded Multiplier 9-bit elements ; 0                                               ;
; Total PLLs                         ; 0                                               ;
+------------------------------------+-------------------------------------------------+


+----------------------------------------------------------------------------------------------------------------------+
; Analysis & Synthesis Settings                                                                                        ;
+----------------------------------------------------------------------------+--------------------+--------------------+
; Option                                                                     ; Setting            ; Default Value      ;
+----------------------------------------------------------------------------+--------------------+--------------------+
; Device                                                                     ; EP2C5T144C8        ;                    ;
; Top-level entity name                                                      ; ALU_4              ; EE_232_ASSIGN_1    ;
; Family name                                                                ; Cyclone II         ; Cyclone IV GX      ;
; Use smart compilation                                                      ; Off                ; Off                ;
; Enable parallel Assembler and TimeQuest Timing Analyzer during compilation ; On                 ; On                 ;
; Enable compact report table                                                ; Off                ; Off                ;
; Restructure Multiplexers                                                   ; Auto               ; Auto               ;
; Create Debugging Nodes for IP Cores                                        ; Off                ; Off                ;
; Preserve fewer node names                                                  ; On                 ; On                 ;
; Disable OpenCore Plus hardware evaluation                                  ; Off                ; Off                ;
; Verilog Version                                                            ; Verilog_2001       ; Verilog_2001       ;
; VHDL Version                                                               ; VHDL_1993          ; VHDL_1993          ;
; State Machine Processing                                                   ; Auto               ; Auto               ;
; Safe State Machine                                                         ; Off                ; Off                ;
; Extract Verilog State Machines                                             ; On                 ; On                 ;
; Extract VHDL State Machines                                                ; On                 ; On                 ;
; Ignore Verilog initial constructs                                          ; Off                ; Off                ;
; Iteration limit for constant Verilog loops                                 ; 5000               ; 5000               ;
; Iteration limit for non-constant Verilog loops                             ; 250                ; 250                ;
; Add Pass-Through Logic to Inferred RAMs                                    ; On                 ; On                 ;
; Infer RAMs from Raw Logic                                                  ; On                 ; On                 ;
; Parallel Synthesis                                                         ; On                 ; On                 ;
; DSP Block Balancing                                                        ; Auto               ; Auto               ;
; NOT Gate Push-Back                                                         ; On                 ; On                 ;
; Power-Up Don't Care                                                        ; On                 ; On                 ;
; Remove Redundant Logic Cells                                               ; Off                ; Off                ;
; Remove Duplicate Registers                                                 ; On                 ; On                 ;
; Ignore CARRY Buffers                                                       ; Off                ; Off                ;
; Ignore CASCADE Buffers                                                     ; Off                ; Off                ;
; Ignore GLOBAL Buffers                                                      ; Off                ; Off                ;
; Ignore ROW GLOBAL Buffers                                                  ; Off                ; Off                ;
; Ignore LCELL Buffers                                                       ; Off                ; Off                ;
; Ignore SOFT Buffers                                                        ; On                 ; On                 ;
; Limit AHDL Integers to 32 Bits                                             ; Off                ; Off                ;
; Optimization Technique                                                     ; Balanced           ; Balanced           ;
; Carry Chain Length                                                         ; 70                 ; 70                 ;
; Auto Carry Chains                                                          ; On                 ; On                 ;
; Auto Open-Drain Pins                                                       ; On                 ; On                 ;
; Perform WYSIWYG Primitive Resynthesis                                      ; Off                ; Off                ;
; Auto ROM Replacement                                                       ; On                 ; On                 ;
; Auto RAM Replacement                                                       ; On                 ; On                 ;
; Auto Shift Register Replacement                                            ; Auto               ; Auto               ;
; Allow Shift Register Merging across Hierarchies                            ; Auto               ; Auto               ;
; Auto Clock Enable Replacement                                              ; On                 ; On                 ;
; Strict RAM Replacement                                                     ; Off                ; Off                ;
; Allow Synchronous Control Signals                                          ; On                 ; On                 ;
; Force Use of Synchronous Clear Signals                                     ; Off                ; Off                ;
; Auto RAM to Logic Cell Conversion                                          ; Off                ; Off                ;
; Auto Resource Sharing                                                      ; Off                ; Off                ;
; Allow Any RAM Size For Recognition                                         ; Off                ; Off                ;
; Allow Any ROM Size For Recognition                                         ; Off                ; Off                ;
; Allow Any Shift Register Size For Recognition                              ; Off                ; Off                ;
; Use LogicLock Constraints during Resource Balancing                        ; On                 ; On                 ;
; Ignore translate_off and synthesis_off directives                          ; Off                ; Off                ;
; Timing-Driven Synthesis                                                    ; Off                ; Off                ;
; Report Parameter Settings                                                  ; On                 ; On                 ;
; Report Source Assignments                                                  ; On                 ; On                 ;
; Report Connectivity Checks                                                 ; On                 ; On                 ;
; Ignore Maximum Fan-Out Assignments                                         ; Off                ; Off                ;
; Synchronization Register Chain Length                                      ; 2                  ; 2                  ;
; PowerPlay Power Optimization                                               ; Normal compilation ; Normal compilation ;
; HDL message level                                                          ; Level2             ; Level2             ;
; Suppress Register Optimization Related Messages                            ; Off                ; Off                ;
; Number of Removed Registers Reported in Synthesis Report                   ; 5000               ; 5000               ;
; Number of Swept Nodes Reported in Synthesis Report                         ; 5000               ; 5000               ;
; Number of Inverted Registers Reported in Synthesis Report                  ; 100                ; 100                ;
; Clock MUX Protection                                                       ; On                 ; On                 ;
; Auto Gated Clock Conversion                                                ; Off                ; Off                ;
; Block Design Naming                                                        ; Auto               ; Auto               ;
; SDC constraint protection                                                  ; Off                ; Off                ;
; Synthesis Effort                                                           ; Auto               ; Auto               ;
; Shift Register Replacement - Allow Asynchronous Clear Signal               ; On                 ; On                 ;
; Pre-Mapping Resynthesis Optimization                                       ; Off                ; Off                ;
; Analysis & Synthesis Message Level                                         ; Medium             ; Medium             ;
; Disable Register Merging Across Hierarchies                                ; Auto               ; Auto               ;
; Resource Aware Inference For Block RAM                                     ; On                 ; On                 ;
; Synthesis Seed                                                             ; 1                  ; 1                  ;
+----------------------------------------------------------------------------+--------------------+--------------------+


Parallel compilation was disabled, but you have multiple processors available. Enable parallel compilation to reduce compilation time.
+-------------------------------------+
; Parallel Compilation                ;
+----------------------------+--------+
; Processors                 ; Number ;
+----------------------------+--------+
; Number detected on machine ; 4      ;
; Maximum allowed            ; 1      ;
+----------------------------+--------+


+----------------------------------------------------------------------------------------------------------------------------------------+
; Analysis & Synthesis Source Files Read                                                                                                 ;
+----------------------------------+-----------------+-----------------+-------------------------------------------------------+---------+
; File Name with User-Entered Path ; Used in Netlist ; File Type       ; File Name with Absolute Path                          ; Library ;
+----------------------------------+-----------------+-----------------+-------------------------------------------------------+---------+
; AND_2.vhd                        ; yes             ; User VHDL File  ; C:/Users/pnb/Desktop/EE_232_ASSIGN/AND_2.vhd          ;         ;
; OR_2.vhd                         ; yes             ; User VHDL File  ; C:/Users/pnb/Desktop/EE_232_ASSIGN/OR_2.vhd           ;         ;
; NOT_2.vhd                        ; yes             ; User VHDL File  ; C:/Users/pnb/Desktop/EE_232_ASSIGN/NOT_2.vhd          ;         ;
; EE_232_Q1.vhd                    ; yes             ; User VHDL File  ; C:/Users/pnb/Desktop/EE_232_ASSIGN/EE_232_Q1.vhd      ;         ;
; XOR_2.vhd                        ; yes             ; User VHDL File  ; C:/Users/pnb/Desktop/EE_232_ASSIGN/XOR_2.vhd          ;         ;
; half_adder.vhd                   ; yes             ; User VHDL File  ; C:/Users/pnb/Desktop/EE_232_ASSIGN/half_adder.vhd     ;         ;
; EE_232_PACKG.vhd                 ; yes             ; User VHDL File  ; C:/Users/pnb/Desktop/EE_232_ASSIGN/EE_232_PACKG.vhd   ;         ;
; FOUR_BIT_ADDER.vhd               ; yes             ; User VHDL File  ; C:/Users/pnb/Desktop/EE_232_ASSIGN/FOUR_BIT_ADDER.vhd ;         ;
; FULL_ADDER.vhd                   ; yes             ; User VHDL File  ; C:/Users/pnb/Desktop/EE_232_ASSIGN/FULL_ADDER.vhd     ;         ;
; mux_2_1.vhd                      ; yes             ; User VHDL File  ; C:/Users/pnb/Desktop/EE_232_ASSIGN/mux_2_1.vhd        ;         ;
; MUX_4_1.vhd                      ; yes             ; User VHDL File  ; C:/Users/pnb/Desktop/EE_232_ASSIGN/MUX_4_1.vhd        ;         ;
; mux_16_4.vhd                     ; yes             ; User VHDL File  ; C:/Users/pnb/Desktop/EE_232_ASSIGN/mux_16_4.vhd       ;         ;
; MULTIPLY_4.vhd                   ; yes             ; User VHDL File  ; C:/Users/pnb/Desktop/EE_232_ASSIGN/MULTIPLY_4.vhd     ;         ;
; SUB_4.vhd                        ; yes             ; User VHDL File  ; C:/Users/pnb/Desktop/EE_232_ASSIGN/SUB_4.vhd          ;         ;
; ALU_4.vhd                        ; yes             ; User VHDL File  ; C:/Users/pnb/Desktop/EE_232_ASSIGN/ALU_4.vhd          ;         ;
; MUX_8_1.vhd                      ; yes             ; User VHDL File  ; C:/Users/pnb/Desktop/EE_232_ASSIGN/MUX_8_1.vhd        ;         ;
+----------------------------------+-----------------+-----------------+-------------------------------------------------------+---------+


+-----------------------------------------------------+
; Analysis & Synthesis Resource Usage Summary         ;
+---------------------------------------------+-------+
; Resource                                    ; Usage ;
+---------------------------------------------+-------+
; Estimated Total logic elements              ; 57    ;
;                                             ;       ;
; Total combinational functions               ; 57    ;
; Logic element usage by number of LUT inputs ;       ;
;     -- 4 input functions                    ; 38    ;
;     -- 3 input functions                    ; 10    ;
;     -- <=2 input functions                  ; 9     ;
;                                             ;       ;
; Logic elements by mode                      ;       ;
;     -- normal mode                          ; 57    ;
;     -- arithmetic mode                      ; 0     ;
;                                             ;       ;
; Total registers                             ; 0     ;
;     -- Dedicated logic registers            ; 0     ;
;     -- I/O registers                        ; 0     ;
;                                             ;       ;
; I/O pins                                    ; 16    ;
; Embedded Multiplier 9-bit elements          ; 0     ;
; Maximum fan-out node                        ; S[1]  ;
; Maximum fan-out                             ; 18    ;
; Total fan-out                               ; 205   ;
; Average fan-out                             ; 2.81  ;
+---------------------------------------------+-------+


+-------------------------------------------------------------------------------------------------------------------------------------------------------------------------------------------------------------------------------------------------+
; Analysis & Synthesis Resource Utilization by Entity                                                                                                                                                                                             ;
+------------------------------+-------------------+--------------+-------------+--------------+---------+-----------+------+--------------+---------------------------------------------------------------------------------------+--------------+
; Compilation Hierarchy Node   ; LC Combinationals ; LC Registers ; Memory Bits ; DSP Elements ; DSP 9x9 ; DSP 18x18 ; Pins ; Virtual Pins ; Full Hierarchy Name                                                                   ; Library Name ;
+------------------------------+-------------------+--------------+-------------+--------------+---------+-----------+------+--------------+---------------------------------------------------------------------------------------+--------------+
; |ALU_4                       ; 57 (0)            ; 0 (0)        ; 0           ; 0            ; 0       ; 0         ; 16   ; 0            ; |ALU_4                                                                                ; work         ;
;    |AND_2:U1|                ; 1 (1)             ; 0 (0)        ; 0           ; 0            ; 0       ; 0         ; 0    ; 0            ; |ALU_4|AND_2:U1                                                                       ; work         ;
;    |AND_2:U2|                ; 1 (1)             ; 0 (0)        ; 0           ; 0            ; 0       ; 0         ; 0    ; 0            ; |ALU_4|AND_2:U2                                                                       ; work         ;
;    |AND_2:U3|                ; 1 (1)             ; 0 (0)        ; 0           ; 0            ; 0       ; 0         ; 0    ; 0            ; |ALU_4|AND_2:U3                                                                       ; work         ;
;    |MUX_8_1:M6|              ; 8 (0)             ; 0 (0)        ; 0           ; 0            ; 0       ; 0         ; 0    ; 0            ; |ALU_4|MUX_8_1:M6                                                                     ; work         ;
;       |mux_2_1:M2|           ; 8 (0)             ; 0 (0)        ; 0           ; 0            ; 0       ; 0         ; 0    ; 0            ; |ALU_4|MUX_8_1:M6|mux_2_1:M2                                                          ; work         ;
;          |OR_2:U3|           ; 8 (8)             ; 0 (0)        ; 0           ; 0            ; 0       ; 0         ; 0    ; 0            ; |ALU_4|MUX_8_1:M6|mux_2_1:M2|OR_2:U3                                                  ; work         ;
;    |SUB_4:A2|                ; 7 (0)             ; 0 (0)        ; 0           ; 0            ; 0       ; 0         ; 0    ; 0            ; |ALU_4|SUB_4:A2                                                                       ; work         ;
;       |FOUR_BIT_ADDER:F0|    ; 7 (0)             ; 0 (0)        ; 0           ; 0            ; 0       ; 0         ; 0    ; 0            ; |ALU_4|SUB_4:A2|FOUR_BIT_ADDER:F0                                                     ; work         ;
;          |FULL_ADDER:FA0|    ; 1 (0)             ; 0 (0)        ; 0           ; 0            ; 0       ; 0         ; 0    ; 0            ; |ALU_4|SUB_4:A2|FOUR_BIT_ADDER:F0|FULL_ADDER:FA0                                      ; work         ;
;             |OR_2:U0|        ; 1 (1)             ; 0 (0)        ; 0           ; 0            ; 0       ; 0         ; 0    ; 0            ; |ALU_4|SUB_4:A2|FOUR_BIT_ADDER:F0|FULL_ADDER:FA0|OR_2:U0                              ; work         ;
;          |FULL_ADDER:FA1|    ; 2 (0)             ; 0 (0)        ; 0           ; 0            ; 0       ; 0         ; 0    ; 0            ; |ALU_4|SUB_4:A2|FOUR_BIT_ADDER:F0|FULL_ADDER:FA1                                      ; work         ;
;             |OR_2:U0|        ; 1 (1)             ; 0 (0)        ; 0           ; 0            ; 0       ; 0         ; 0    ; 0            ; |ALU_4|SUB_4:A2|FOUR_BIT_ADDER:F0|FULL_ADDER:FA1|OR_2:U0                              ; work         ;
;             |half_adder:HA1| ; 1 (0)             ; 0 (0)        ; 0           ; 0            ; 0       ; 0         ; 0    ; 0            ; |ALU_4|SUB_4:A2|FOUR_BIT_ADDER:F0|FULL_ADDER:FA1|half_adder:HA1                       ; work         ;
;                |XOR_2:UO|    ; 1 (0)             ; 0 (0)        ; 0           ; 0            ; 0       ; 0         ; 0    ; 0            ; |ALU_4|SUB_4:A2|FOUR_BIT_ADDER:F0|FULL_ADDER:FA1|half_adder:HA1|XOR_2:UO              ; work         ;
;                   |OR_2:U4|  ; 1 (1)             ; 0 (0)        ; 0           ; 0            ; 0       ; 0         ; 0    ; 0            ; |ALU_4|SUB_4:A2|FOUR_BIT_ADDER:F0|FULL_ADDER:FA1|half_adder:HA1|XOR_2:UO|OR_2:U4      ; work         ;
;          |FULL_ADDER:FA2|    ; 2 (0)             ; 0 (0)        ; 0           ; 0            ; 0       ; 0         ; 0    ; 0            ; |ALU_4|SUB_4:A2|FOUR_BIT_ADDER:F0|FULL_ADDER:FA2                                      ; work         ;
;             |OR_2:U0|        ; 1 (1)             ; 0 (0)        ; 0           ; 0            ; 0       ; 0         ; 0    ; 0            ; |ALU_4|SUB_4:A2|FOUR_BIT_ADDER:F0|FULL_ADDER:FA2|OR_2:U0                              ; work         ;
;             |half_adder:HA1| ; 1 (0)             ; 0 (0)        ; 0           ; 0            ; 0       ; 0         ; 0    ; 0            ; |ALU_4|SUB_4:A2|FOUR_BIT_ADDER:F0|FULL_ADDER:FA2|half_adder:HA1                       ; work         ;
;                |XOR_2:UO|    ; 1 (0)             ; 0 (0)        ; 0           ; 0            ; 0       ; 0         ; 0    ; 0            ; |ALU_4|SUB_4:A2|FOUR_BIT_ADDER:F0|FULL_ADDER:FA2|half_adder:HA1|XOR_2:UO              ; work         ;
;                   |OR_2:U4|  ; 1 (1)             ; 0 (0)        ; 0           ; 0            ; 0       ; 0         ; 0    ; 0            ; |ALU_4|SUB_4:A2|FOUR_BIT_ADDER:F0|FULL_ADDER:FA2|half_adder:HA1|XOR_2:UO|OR_2:U4      ; work         ;
;          |FULL_ADDER:FA3|    ; 2 (0)             ; 0 (0)        ; 0           ; 0            ; 0       ; 0         ; 0    ; 0            ; |ALU_4|SUB_4:A2|FOUR_BIT_ADDER:F0|FULL_ADDER:FA3                                      ; work         ;
;             |half_adder:HA1| ; 2 (0)             ; 0 (0)        ; 0           ; 0            ; 0       ; 0         ; 0    ; 0            ; |ALU_4|SUB_4:A2|FOUR_BIT_ADDER:F0|FULL_ADDER:FA3|half_adder:HA1                       ; work         ;
;                |XOR_2:UO|    ; 2 (0)             ; 0 (0)        ; 0           ; 0            ; 0       ; 0         ; 0    ; 0            ; |ALU_4|SUB_4:A2|FOUR_BIT_ADDER:F0|FULL_ADDER:FA3|half_adder:HA1|XOR_2:UO              ; work         ;
;                   |OR_2:U4|  ; 2 (2)             ; 0 (0)        ; 0           ; 0            ; 0       ; 0         ; 0    ; 0            ; |ALU_4|SUB_4:A2|FOUR_BIT_ADDER:F0|FULL_ADDER:FA3|half_adder:HA1|XOR_2:UO|OR_2:U4      ; work         ;
;    |SUB_4:AO|                ; 8 (0)             ; 0 (0)        ; 0           ; 0            ; 0       ; 0         ; 0    ; 0            ; |ALU_4|SUB_4:AO                                                                       ; work         ;
;       |FOUR_BIT_ADDER:F0|    ; 8 (0)             ; 0 (0)        ; 0           ; 0            ; 0       ; 0         ; 0    ; 0            ; |ALU_4|SUB_4:AO|FOUR_BIT_ADDER:F0                                                     ; work         ;
;          |FULL_ADDER:FA0|    ; 1 (0)             ; 0 (0)        ; 0           ; 0            ; 0       ; 0         ; 0    ; 0            ; |ALU_4|SUB_4:AO|FOUR_BIT_ADDER:F0|FULL_ADDER:FA0                                      ; work         ;
;             |OR_2:U0|        ; 1 (1)             ; 0 (0)        ; 0           ; 0            ; 0       ; 0         ; 0    ; 0            ; |ALU_4|SUB_4:AO|FOUR_BIT_ADDER:F0|FULL_ADDER:FA0|OR_2:U0                              ; work         ;
;          |FULL_ADDER:FA1|    ; 2 (0)             ; 0 (0)        ; 0           ; 0            ; 0       ; 0         ; 0    ; 0            ; |ALU_4|SUB_4:AO|FOUR_BIT_ADDER:F0|FULL_ADDER:FA1                                      ; work         ;
;             |OR_2:U0|        ; 1 (1)             ; 0 (0)        ; 0           ; 0            ; 0       ; 0         ; 0    ; 0            ; |ALU_4|SUB_4:AO|FOUR_BIT_ADDER:F0|FULL_ADDER:FA1|OR_2:U0                              ; work         ;
;             |half_adder:HA1| ; 1 (0)             ; 0 (0)        ; 0           ; 0            ; 0       ; 0         ; 0    ; 0            ; |ALU_4|SUB_4:AO|FOUR_BIT_ADDER:F0|FULL_ADDER:FA1|half_adder:HA1                       ; work         ;
;                |XOR_2:UO|    ; 1 (0)             ; 0 (0)        ; 0           ; 0            ; 0       ; 0         ; 0    ; 0            ; |ALU_4|SUB_4:AO|FOUR_BIT_ADDER:F0|FULL_ADDER:FA1|half_adder:HA1|XOR_2:UO              ; work         ;
;                   |OR_2:U4|  ; 1 (1)             ; 0 (0)        ; 0           ; 0            ; 0       ; 0         ; 0    ; 0            ; |ALU_4|SUB_4:AO|FOUR_BIT_ADDER:F0|FULL_ADDER:FA1|half_adder:HA1|XOR_2:UO|OR_2:U4      ; work         ;
;          |FULL_ADDER:FA2|    ; 3 (0)             ; 0 (0)        ; 0           ; 0            ; 0       ; 0         ; 0    ; 0            ; |ALU_4|SUB_4:AO|FOUR_BIT_ADDER:F0|FULL_ADDER:FA2                                      ; work         ;
;             |half_adder:HA0| ; 2 (0)             ; 0 (0)        ; 0           ; 0            ; 0       ; 0         ; 0    ; 0            ; |ALU_4|SUB_4:AO|FOUR_BIT_ADDER:F0|FULL_ADDER:FA2|half_adder:HA0                       ; work         ;
;                |AND_2:U1|    ; 1 (1)             ; 0 (0)        ; 0           ; 0            ; 0       ; 0         ; 0    ; 0            ; |ALU_4|SUB_4:AO|FOUR_BIT_ADDER:F0|FULL_ADDER:FA2|half_adder:HA0|AND_2:U1              ; work         ;
;                |XOR_2:UO|    ; 1 (0)             ; 0 (0)        ; 0           ; 0            ; 0       ; 0         ; 0    ; 0            ; |ALU_4|SUB_4:AO|FOUR_BIT_ADDER:F0|FULL_ADDER:FA2|half_adder:HA0|XOR_2:UO              ; work         ;
;                   |OR_2:U4|  ; 1 (1)             ; 0 (0)        ; 0           ; 0            ; 0       ; 0         ; 0    ; 0            ; |ALU_4|SUB_4:AO|FOUR_BIT_ADDER:F0|FULL_ADDER:FA2|half_adder:HA0|XOR_2:UO|OR_2:U4      ; work         ;
;             |half_adder:HA1| ; 1 (0)             ; 0 (0)        ; 0           ; 0            ; 0       ; 0         ; 0    ; 0            ; |ALU_4|SUB_4:AO|FOUR_BIT_ADDER:F0|FULL_ADDER:FA2|half_adder:HA1                       ; work         ;
;                |XOR_2:UO|    ; 1 (0)             ; 0 (0)        ; 0           ; 0            ; 0       ; 0         ; 0    ; 0            ; |ALU_4|SUB_4:AO|FOUR_BIT_ADDER:F0|FULL_ADDER:FA2|half_adder:HA1|XOR_2:UO              ; work         ;
;                   |OR_2:U4|  ; 1 (1)             ; 0 (0)        ; 0           ; 0            ; 0       ; 0         ; 0    ; 0            ; |ALU_4|SUB_4:AO|FOUR_BIT_ADDER:F0|FULL_ADDER:FA2|half_adder:HA1|XOR_2:UO|OR_2:U4      ; work         ;
;          |FULL_ADDER:FA3|    ; 2 (0)             ; 0 (0)        ; 0           ; 0            ; 0       ; 0         ; 0    ; 0            ; |ALU_4|SUB_4:AO|FOUR_BIT_ADDER:F0|FULL_ADDER:FA3                                      ; work         ;
;             |half_adder:HA0| ; 1 (0)             ; 0 (0)        ; 0           ; 0            ; 0       ; 0         ; 0    ; 0            ; |ALU_4|SUB_4:AO|FOUR_BIT_ADDER:F0|FULL_ADDER:FA3|half_adder:HA0                       ; work         ;
;                |XOR_2:UO|    ; 1 (0)             ; 0 (0)        ; 0           ; 0            ; 0       ; 0         ; 0    ; 0            ; |ALU_4|SUB_4:AO|FOUR_BIT_ADDER:F0|FULL_ADDER:FA3|half_adder:HA0|XOR_2:UO              ; work         ;
;                   |OR_2:U4|  ; 1 (1)             ; 0 (0)        ; 0           ; 0            ; 0       ; 0         ; 0    ; 0            ; |ALU_4|SUB_4:AO|FOUR_BIT_ADDER:F0|FULL_ADDER:FA3|half_adder:HA0|XOR_2:UO|OR_2:U4      ; work         ;
;             |half_adder:HA1| ; 1 (0)             ; 0 (0)        ; 0           ; 0            ; 0       ; 0         ; 0    ; 0            ; |ALU_4|SUB_4:AO|FOUR_BIT_ADDER:F0|FULL_ADDER:FA3|half_adder:HA1                       ; work         ;
;                |XOR_2:UO|    ; 1 (0)             ; 0 (0)        ; 0           ; 0            ; 0       ; 0         ; 0    ; 0            ; |ALU_4|SUB_4:AO|FOUR_BIT_ADDER:F0|FULL_ADDER:FA3|half_adder:HA1|XOR_2:UO              ; work         ;
;                   |OR_2:U4|  ; 1 (1)             ; 0 (0)        ; 0           ; 0            ; 0       ; 0         ; 0    ; 0            ; |ALU_4|SUB_4:AO|FOUR_BIT_ADDER:F0|FULL_ADDER:FA3|half_adder:HA1|XOR_2:UO|OR_2:U4      ; work         ;
;    |multiply_4:A3|           ; 15 (0)            ; 0 (0)        ; 0           ; 0            ; 0       ; 0         ; 0    ; 0            ; |ALU_4|multiply_4:A3                                                                  ; work         ;
;       |AND_2:U12|            ; 1 (1)             ; 0 (0)        ; 0           ; 0            ; 0       ; 0         ; 0    ; 0            ; |ALU_4|multiply_4:A3|AND_2:U12                                                        ; work         ;
;       |AND_2:U3|             ; 1 (1)             ; 0 (0)        ; 0           ; 0            ; 0       ; 0         ; 0    ; 0            ; |ALU_4|multiply_4:A3|AND_2:U3                                                         ; work         ;
;       |AND_2:U9|             ; 1 (1)             ; 0 (0)        ; 0           ; 0            ; 0       ; 0         ; 0    ; 0            ; |ALU_4|multiply_4:A3|AND_2:U9                                                         ; work         ;
;       |FOUR_BIT_ADDER:F0|    ; 5 (0)             ; 0 (0)        ; 0           ; 0            ; 0       ; 0         ; 0    ; 0            ; |ALU_4|multiply_4:A3|FOUR_BIT_ADDER:F0                                                ; work         ;
;          |FULL_ADDER:FA0|    ; 1 (0)             ; 0 (0)        ; 0           ; 0            ; 0       ; 0         ; 0    ; 0            ; |ALU_4|multiply_4:A3|FOUR_BIT_ADDER:F0|FULL_ADDER:FA0                                 ; work         ;
;             |half_adder:HA0| ; 1 (0)             ; 0 (0)        ; 0           ; 0            ; 0       ; 0         ; 0    ; 0            ; |ALU_4|multiply_4:A3|FOUR_BIT_ADDER:F0|FULL_ADDER:FA0|half_adder:HA0                  ; work         ;
;                |XOR_2:UO|    ; 1 (0)             ; 0 (0)        ; 0           ; 0            ; 0       ; 0         ; 0    ; 0            ; |ALU_4|multiply_4:A3|FOUR_BIT_ADDER:F0|FULL_ADDER:FA0|half_adder:HA0|XOR_2:UO         ; work         ;
;                   |OR_2:U4|  ; 1 (1)             ; 0 (0)        ; 0           ; 0            ; 0       ; 0         ; 0    ; 0            ; |ALU_4|multiply_4:A3|FOUR_BIT_ADDER:F0|FULL_ADDER:FA0|half_adder:HA0|XOR_2:UO|OR_2:U4 ; work         ;
;          |FULL_ADDER:FA1|    ; 2 (0)             ; 0 (0)        ; 0           ; 0            ; 0       ; 0         ; 0    ; 0            ; |ALU_4|multiply_4:A3|FOUR_BIT_ADDER:F0|FULL_ADDER:FA1                                 ; work         ;
;             |OR_2:U0|        ; 2 (2)             ; 0 (0)        ; 0           ; 0            ; 0       ; 0         ; 0    ; 0            ; |ALU_4|multiply_4:A3|FOUR_BIT_ADDER:F0|FULL_ADDER:FA1|OR_2:U0                         ; work         ;
;          |FULL_ADDER:FA2|    ; 2 (0)             ; 0 (0)        ; 0           ; 0            ; 0       ; 0         ; 0    ; 0            ; |ALU_4|multiply_4:A3|FOUR_BIT_ADDER:F0|FULL_ADDER:FA2                                 ; work         ;
;             |OR_2:U0|        ; 1 (1)             ; 0 (0)        ; 0           ; 0            ; 0       ; 0         ; 0    ; 0            ; |ALU_4|multiply_4:A3|FOUR_BIT_ADDER:F0|FULL_ADDER:FA2|OR_2:U0                         ; work         ;
;             |half_adder:HA1| ; 1 (0)             ; 0 (0)        ; 0           ; 0            ; 0       ; 0         ; 0    ; 0            ; |ALU_4|multiply_4:A3|FOUR_BIT_ADDER:F0|FULL_ADDER:FA2|half_adder:HA1                  ; work         ;
;                |XOR_2:UO|    ; 1 (0)             ; 0 (0)        ; 0           ; 0            ; 0       ; 0         ; 0    ; 0            ; |ALU_4|multiply_4:A3|FOUR_BIT_ADDER:F0|FULL_ADDER:FA2|half_adder:HA1|XOR_2:UO         ; work         ;
;                   |OR_2:U4|  ; 1 (1)             ; 0 (0)        ; 0           ; 0            ; 0       ; 0         ; 0    ; 0            ; |ALU_4|multiply_4:A3|FOUR_BIT_ADDER:F0|FULL_ADDER:FA2|half_adder:HA1|XOR_2:UO|OR_2:U4 ; work         ;
;       |FOUR_BIT_ADDER:F1|    ; 3 (0)             ; 0 (0)        ; 0           ; 0            ; 0       ; 0         ; 0    ; 0            ; |ALU_4|multiply_4:A3|FOUR_BIT_ADDER:F1                                                ; work         ;
;          |FULL_ADDER:FA0|    ; 3 (0)             ; 0 (0)        ; 0           ; 0            ; 0       ; 0         ; 0    ; 0            ; |ALU_4|multiply_4:A3|FOUR_BIT_ADDER:F1|FULL_ADDER:FA0                                 ; work         ;
;             |half_adder:HA0| ; 3 (0)             ; 0 (0)        ; 0           ; 0            ; 0       ; 0         ; 0    ; 0            ; |ALU_4|multiply_4:A3|FOUR_BIT_ADDER:F1|FULL_ADDER:FA0|half_adder:HA0                  ; work         ;
;                |AND_2:U1|    ; 1 (1)             ; 0 (0)        ; 0           ; 0            ; 0       ; 0         ; 0    ; 0            ; |ALU_4|multiply_4:A3|FOUR_BIT_ADDER:F1|FULL_ADDER:FA0|half_adder:HA0|AND_2:U1         ; work         ;
;                |XOR_2:UO|    ; 2 (0)             ; 0 (0)        ; 0           ; 0            ; 0       ; 0         ; 0    ; 0            ; |ALU_4|multiply_4:A3|FOUR_BIT_ADDER:F1|FULL_ADDER:FA0|half_adder:HA0|XOR_2:UO         ; work         ;
;                   |OR_2:U4|  ; 2 (2)             ; 0 (0)        ; 0           ; 0            ; 0       ; 0         ; 0    ; 0            ; |ALU_4|multiply_4:A3|FOUR_BIT_ADDER:F1|FULL_ADDER:FA0|half_adder:HA0|XOR_2:UO|OR_2:U4 ; work         ;
;       |FOUR_BIT_ADDER:F2|    ; 4 (0)             ; 0 (0)        ; 0           ; 0            ; 0       ; 0         ; 0    ; 0            ; |ALU_4|multiply_4:A3|FOUR_BIT_ADDER:F2                                                ; work         ;
;          |FULL_ADDER:FA0|    ; 1 (0)             ; 0 (0)        ; 0           ; 0            ; 0       ; 0         ; 0    ; 0            ; |ALU_4|multiply_4:A3|FOUR_BIT_ADDER:F2|FULL_ADDER:FA0                                 ; work         ;
;             |half_adder:HA0| ; 1 (0)             ; 0 (0)        ; 0           ; 0            ; 0       ; 0         ; 0    ; 0            ; |ALU_4|multiply_4:A3|FOUR_BIT_ADDER:F2|FULL_ADDER:FA0|half_adder:HA0                  ; work         ;
;                |XOR_2:UO|    ; 1 (0)             ; 0 (0)        ; 0           ; 0            ; 0       ; 0         ; 0    ; 0            ; |ALU_4|multiply_4:A3|FOUR_BIT_ADDER:F2|FULL_ADDER:FA0|half_adder:HA0|XOR_2:UO         ; work         ;
;                   |OR_2:U4|  ; 1 (1)             ; 0 (0)        ; 0           ; 0            ; 0       ; 0         ; 0    ; 0            ; |ALU_4|multiply_4:A3|FOUR_BIT_ADDER:F2|FULL_ADDER:FA0|half_adder:HA0|XOR_2:UO|OR_2:U4 ; work         ;
;          |FULL_ADDER:FA1|    ; 3 (0)             ; 0 (0)        ; 0           ; 0            ; 0       ; 0         ; 0    ; 0            ; |ALU_4|multiply_4:A3|FOUR_BIT_ADDER:F2|FULL_ADDER:FA1                                 ; work         ;
;             |half_adder:HA1| ; 3 (0)             ; 0 (0)        ; 0           ; 0            ; 0       ; 0         ; 0    ; 0            ; |ALU_4|multiply_4:A3|FOUR_BIT_ADDER:F2|FULL_ADDER:FA1|half_adder:HA1                  ; work         ;
;                |XOR_2:UO|    ; 3 (0)             ; 0 (0)        ; 0           ; 0            ; 0       ; 0         ; 0    ; 0            ; |ALU_4|multiply_4:A3|FOUR_BIT_ADDER:F2|FULL_ADDER:FA1|half_adder:HA1|XOR_2:UO         ; work         ;
;                   |OR_2:U4|  ; 3 (3)             ; 0 (0)        ; 0           ; 0            ; 0       ; 0         ; 0    ; 0            ; |ALU_4|multiply_4:A3|FOUR_BIT_ADDER:F2|FULL_ADDER:FA1|half_adder:HA1|XOR_2:UO|OR_2:U4 ; work         ;
;    |mux_2_1:M2|              ; 2 (0)             ; 0 (0)        ; 0           ; 0            ; 0       ; 0         ; 0    ; 0            ; |ALU_4|mux_2_1:M2                                                                     ; work         ;
;       |OR_2:U3|              ; 2 (2)             ; 0 (0)        ; 0           ; 0            ; 0       ; 0         ; 0    ; 0            ; |ALU_4|mux_2_1:M2|OR_2:U3                                                             ; work         ;
;    |mux_2_1:M3|              ; 6 (0)             ; 0 (0)        ; 0           ; 0            ; 0       ; 0         ; 0    ; 0            ; |ALU_4|mux_2_1:M3                                                                     ; work         ;
;       |OR_2:U3|              ; 6 (6)             ; 0 (0)        ; 0           ; 0            ; 0       ; 0         ; 0    ; 0            ; |ALU_4|mux_2_1:M3|OR_2:U3                                                             ; work         ;
;    |mux_2_1:M4|              ; 4 (0)             ; 0 (0)        ; 0           ; 0            ; 0       ; 0         ; 0    ; 0            ; |ALU_4|mux_2_1:M4                                                                     ; work         ;
;       |OR_2:U3|              ; 4 (4)             ; 0 (0)        ; 0           ; 0            ; 0       ; 0         ; 0    ; 0            ; |ALU_4|mux_2_1:M4|OR_2:U3                                                             ; work         ;
;    |mux_2_1:M5|              ; 4 (0)             ; 0 (0)        ; 0           ; 0            ; 0       ; 0         ; 0    ; 0            ; |ALU_4|mux_2_1:M5                                                                     ; work         ;
;       |OR_2:U3|              ; 4 (4)             ; 0 (0)        ; 0           ; 0            ; 0       ; 0         ; 0    ; 0            ; |ALU_4|mux_2_1:M5|OR_2:U3                                                             ; work         ;
+------------------------------+-------------------+--------------+-------------+--------------+---------+-----------+------+--------------+---------------------------------------------------------------------------------------+--------------+
Note: For table entries with two numbers listed, the numbers in parentheses indicate the number of resources of the given type used by the specific entity alone. The numbers listed outside of parentheses indicate the total resources of the given type used by the specific entity and all of its sub-entities in the hierarchy.


+------------------------------------------------------+
; General Register Statistics                          ;
+----------------------------------------------+-------+
; Statistic                                    ; Value ;
+----------------------------------------------+-------+
; Total registers                              ; 0     ;
; Number of registers using Synchronous Clear  ; 0     ;
; Number of registers using Synchronous Load   ; 0     ;
; Number of registers using Asynchronous Clear ; 0     ;
; Number of registers using Asynchronous Load  ; 0     ;
; Number of registers using Clock Enable       ; 0     ;
; Number of registers using Preset             ; 0     ;
+----------------------------------------------+-------+


+--------------------------------------------------------------------------------------------------------------------------------------------+
; Multiplexer Restructuring Statistics (Restructuring Performed)                                                                             ;
+--------------------+-----------+---------------+----------------------+------------------------+------------+------------------------------+
; Multiplexer Inputs ; Bus Width ; Baseline Area ; Area if Restructured ; Saving if Restructured ; Registered ; Example Multiplexer Output   ;
+--------------------+-----------+---------------+----------------------+------------------------+------------+------------------------------+
; 8:1                ; 3 bits    ; 15 LEs        ; 12 LEs               ; 3 LEs                  ; No         ; |ALU_4|mux_2_1:M3|OR_2:U3|O0 ;
+--------------------+-----------+---------------+----------------------+------------------------+------------+------------------------------+


+----------------------------------------+
; Port Connectivity Checks: "MUX_8_1:M6" ;
+------+-------+----------+--------------+
; Port ; Type  ; Severity ; Details      ;
+------+-------+----------+--------------+
; x3   ; Input ; Info     ; Stuck at GND ;
; x4   ; Input ; Info     ; Stuck at GND ;
; x5   ; Input ; Info     ; Stuck at GND ;
; x6   ; Input ; Info     ; Stuck at GND ;
+------+-------+----------+--------------+


+-------------------------------------------------------------+
; Port Connectivity Checks: "multiply_4:A3|FOUR_BIT_ADDER:F2" ;
+------+-------+----------+-----------------------------------+
; Port ; Type  ; Severity ; Details                           ;
+------+-------+----------+-----------------------------------+
; ci0  ; Input ; Info     ; Stuck at GND                      ;
+------+-------+----------+-----------------------------------+


+-------------------------------------------------------------+
; Port Connectivity Checks: "multiply_4:A3|FOUR_BIT_ADDER:F1" ;
+------+-------+----------+-----------------------------------+
; Port ; Type  ; Severity ; Details                           ;
+------+-------+----------+-----------------------------------+
; ci0  ; Input ; Info     ; Stuck at GND                      ;
+------+-------+----------+-----------------------------------+


+-------------------------------------------------------------+
; Port Connectivity Checks: "multiply_4:A3|FOUR_BIT_ADDER:F0" ;
+------+-------+----------+-----------------------------------+
; Port ; Type  ; Severity ; Details                           ;
+------+-------+----------+-----------------------------------+
; a3   ; Input ; Info     ; Stuck at GND                      ;
; ci0  ; Input ; Info     ; Stuck at GND                      ;
+------+-------+----------+-----------------------------------+


+----------------------------------------------------------------------------------------------------------------+
; Port Connectivity Checks: "multiply_4:A3"                                                                      ;
+------+--------+----------+-------------------------------------------------------------------------------------+
; Port ; Type   ; Severity ; Details                                                                             ;
+------+--------+----------+-------------------------------------------------------------------------------------+
; p5   ; Output ; Info     ; Connected to dangling logic. Logic that only feeds a dangling port will be removed. ;
; p6   ; Output ; Info     ; Connected to dangling logic. Logic that only feeds a dangling port will be removed. ;
; p7   ; Output ; Info     ; Connected to dangling logic. Logic that only feeds a dangling port will be removed. ;
+------+--------+----------+-------------------------------------------------------------------------------------+


+-------------------------------+
; Elapsed Time Per Partition    ;
+----------------+--------------+
; Partition Name ; Elapsed Time ;
+----------------+--------------+
; Top            ; 00:00:00     ;
+----------------+--------------+


+-------------------------------+
; Analysis & Synthesis Messages ;
+-------------------------------+
Info: *******************************************************************
Info: Running Quartus II 64-Bit Analysis & Synthesis
    Info: Version 13.0.1 Build 232 06/12/2013 Service Pack 1 SJ Web Edition
    Info: Processing started: Thu Oct 29 17:55:21 2020
Info: Command: quartus_map --read_settings_files=on --write_settings_files=off EE_232_ASSIGN_1 -c EE_232_ASSIGN_1
Warning (20028): Parallel compilation is not licensed and has been disabled
Info (12021): Found 2 design units, including 1 entities, in source file and_2.vhd
    Info (12022): Found design unit 1: AND_2-FUNC
    Info (12023): Found entity 1: AND_2
Info (12021): Found 2 design units, including 1 entities, in source file or_2.vhd
    Info (12022): Found design unit 1: OR_2-FUNC
    Info (12023): Found entity 1: OR_2
Info (12021): Found 2 design units, including 1 entities, in source file not_2.vhd
    Info (12022): Found design unit 1: NOT_2-FUNC
    Info (12023): Found entity 1: NOT_2
Info (12021): Found 1 design units, including 0 entities, in source file ee_232_q1.vhd
    Info (12022): Found design unit 1: EE_232_Q1
Info (12021): Found 2 design units, including 1 entities, in source file xor_2.vhd
    Info (12022): Found design unit 1: XOR_2-STR
    Info (12023): Found entity 1: XOR_2
Info (12021): Found 2 design units, including 1 entities, in source file half_adder.vhd
    Info (12022): Found design unit 1: half_adder-str
    Info (12023): Found entity 1: half_adder
Info (12021): Found 1 design units, including 0 entities, in source file ee_232_packg.vhd
    Info (12022): Found design unit 1: EE_232_PACKG
Info (12021): Found 2 design units, including 1 entities, in source file four_bit_adder.vhd
    Info (12022): Found design unit 1: FOUR_BIT_ADDER-STRUCTURE
    Info (12023): Found entity 1: FOUR_BIT_ADDER
Info (12021): Found 2 design units, including 1 entities, in source file full_adder.vhd
    Info (12022): Found design unit 1: FULL_ADDER-STRUCTURE
    Info (12023): Found entity 1: FULL_ADDER
Info (12021): Found 2 design units, including 1 entities, in source file mux_2_1.vhd
    Info (12022): Found design unit 1: mux_2_1-func
    Info (12023): Found entity 1: mux_2_1
Info (12021): Found 2 design units, including 1 entities, in source file mux_4_1.vhd
    Info (12022): Found design unit 1: mux_4_1-FUNC
    Info (12023): Found entity 1: mux_4_1
Info (12021): Found 2 design units, including 1 entities, in source file mux_16_4.vhd
    Info (12022): Found design unit 1: mux_16_4-FUNC
    Info (12023): Found entity 1: mux_16_4
Info (12021): Found 2 design units, including 1 entities, in source file multiply_4.vhd
    Info (12022): Found design unit 1: MULTIPLY_4-FUNC
    Info (12023): Found entity 1: multiply_4
Info (12021): Found 2 design units, including 1 entities, in source file sub_4.vhd
    Info (12022): Found design unit 1: SUB_4-FUNC
    Info (12023): Found entity 1: SUB_4
Info (12021): Found 2 design units, including 1 entities, in source file alu_4.vhd
    Info (12022): Found design unit 1: ALU_4-FUNC
    Info (12023): Found entity 1: ALU_4
Info (12021): Found 2 design units, including 1 entities, in source file mux_8_1.vhd
    Info (12022): Found design unit 1: MUX_8_1-FUNC
    Info (12023): Found entity 1: MUX_8_1
Info (12127): Elaborating entity "ALU_4" for the top level hierarchy
Info (12128): Elaborating entity "AND_2" for hierarchy "AND_2:U0"
Info (12128): Elaborating entity "OR_2" for hierarchy "OR_2:U4"
Info (12128): Elaborating entity "NOT_2" for hierarchy "NOT_2:U8"
Info (12128): Elaborating entity "XOR_2" for hierarchy "XOR_2:U12"
Info (12128): Elaborating entity "SUB_4" for hierarchy "SUB_4:AO"
Info (12128): Elaborating entity "FOUR_BIT_ADDER" for hierarchy "SUB_4:AO|FOUR_BIT_ADDER:F0"
Info (12128): Elaborating entity "FULL_ADDER" for hierarchy "SUB_4:AO|FOUR_BIT_ADDER:F0|FULL_ADDER:FA0"
Info (12128): Elaborating entity "half_adder" for hierarchy "SUB_4:AO|FOUR_BIT_ADDER:F0|FULL_ADDER:FA0|half_adder:HA0"
Info (12128): Elaborating entity "multiply_4" for hierarchy "multiply_4:A3"
Info (12128): Elaborating entity "mux_16_4" for hierarchy "mux_16_4:MO"
Info (12128): Elaborating entity "mux_4_1" for hierarchy "mux_16_4:MO|mux_4_1:M0"
Info (12128): Elaborating entity "mux_2_1" for hierarchy "mux_16_4:MO|mux_4_1:M0|mux_2_1:M0"
Info (12128): Elaborating entity "MUX_8_1" for hierarchy "MUX_8_1:M6"
Info (16010): Generating hard_block partition "hard_block:auto_generated_inst"
    Info (16011): Adding 0 node(s), including 0 DDIO, 0 PLL, 0 transceiver and 0 LCELL
Info (21057): Implemented 73 device resources after synthesis - the final resource count might be different
    Info (21058): Implemented 11 input pins
    Info (21059): Implemented 5 output pins
    Info (21061): Implemented 57 logic cells
Info: Quartus II 64-Bit Analysis & Synthesis was successful. 0 errors, 1 warning
    Info: Peak virtual memory: 4635 megabytes
    Info: Processing ended: Thu Oct 29 17:55:28 2020
    Info: Elapsed time: 00:00:07
    Info: Total CPU time (on all processors): 00:00:05


